<html>
<body>
<pre>
<h1>礦ision3 Build Log</h1>
<h2>Project:</h2>
C:\Users\Administrator\Desktop\电流测试\测试电流\STM32模板\USER\STM32_Example.uv2
Project File Date:  07/10/2019

<h2>Output:</h2>
Build target 'Target 1'
assembling startup_stm32f10x_hd.s...
compiling main.c...
main.c(33): warning:  #223-D: function "TIM3_Int_Init" declared implicitly
compiling IO_init.c...
compiling delay.c...
compiling sys.c...
compiling usart.c...
compiling timer.c...
compiling ds1302.c...
linking...
Program Size: Code=6530 RO-data=850 RW-data=156 ZI-data=2748  
FromELF: creating hex file...
"..\OBJ\STM32_Example.axf" - 0 Error(s), 1 Warning(s).
Build target 'Target 1'
assembling startup_stm32f10x_hd.s...
compiling main.c...
compiling IO_init.c...
compiling delay.c...
compiling sys.c...
compiling usart.c...
compiling timer.c...
compiling ds1302.c...
linking...
Program Size: Code=6530 RO-data=850 RW-data=156 ZI-data=2748  
FromELF: creating hex file...
"..\OBJ\STM32_Example.axf" - 0 Error(s), 0 Warning(s).
Build target 'Target 1'
assembling startup_stm32f10x_hd.s...
compiling main.c...
compiling IO_init.c...
compiling delay.c...
compiling sys.c...
compiling usart.c...
compiling timer.c...
compiling ds1302.c...
linking...
Program Size: Code=6530 RO-data=850 RW-data=156 ZI-data=2748  
FromELF: creating hex file...
"..\OBJ\STM32_Example.axf" - 0 Error(s), 0 Warning(s).
Build target 'Target 1'
assembling startup_stm32f10x_hd.s...
compiling main.c...
compiling IO_init.c...
compiling delay.c...
compiling sys.c...
compiling usart.c...
compiling timer.c...
compiling ds1302.c...
linking...
Program Size: Code=6534 RO-data=850 RW-data=156 ZI-data=2748  
FromELF: creating hex file...
"..\OBJ\STM32_Example.axf" - 0 Error(s), 0 Warning(s).
Build target 'Target 1'
assembling startup_stm32f10x_hd.s...
compiling main.c...
compiling IO_init.c...
compiling delay.c...
compiling sys.c...
compiling usart.c...
compiling timer.c...
compiling ds1302.c...
linking...
Program Size: Code=6534 RO-data=850 RW-data=156 ZI-data=2748  
FromELF: creating hex file...
"..\OBJ\STM32_Example.axf" - 0 Error(s), 0 Warning(s).
